<?xml version="1.0" encoding="UTF-8"?>
<dataset>
  <person id="2" name="spring-test-dbunit" />
  <person id="1" name="hainet" />
</dataset>
