<?xml version="1.0" encoding="UTF-8"?>
<dataset>
  <person id="1" />
  <person id="2" />
</dataset>
